// Jest Snapshot v1, https://goo.gl/fbAQLP

exports[`<OrderBook /> should match snapshot 1`] = `
<div
  className="card card-fh"
>
  <div
    className="card-fixed-header"
  >
    <h2
      className="card-title"
      data-card="orderbook"
    >
      Order Book
    </h2>
    <div
      className="card-panel-header col-w-3"
    >
      <label>
        Market Size
      </label>
      <label>
        Price(
        USD
        )
      </label>
      <label>
        Exchange
      </label>
    </div>
  </div>
  <div
    className="card-panel-body col-w-3"
  >
    <div
      className="card-panel-body-rows"
    >
      <span
        className="buy-size"
        onClick={[Function]}
      >
        0.357077
      </span>
      <span
        className="buy-price down"
        onClick={[Function]}
      >
        6574.215243
      </span>
      <span>
        GDAX
      </span>
    </div>
    <div
      className="card-panel-body-rows"
    >
      <span
        className="buy-size"
        onClick={[Function]}
      >
        0.679435
      </span>
      <span
        className="buy-price down"
        onClick={[Function]}
      >
        6599.694518
      </span>
      <span>
        Bitfinex
      </span>
    </div>
    <div
      className="card-panel-body-rows"
    >
      <span
        className="buy-size"
        onClick={[Function]}
      >
        0.39246
      </span>
      <span
        className="buy-price down"
        onClick={[Function]}
      >
        6574.215243
      </span>
      <span>
        GDAX
      </span>
    </div>
    <div
      className="card-panel-body-rows"
    >
      <span
        className="buy-size"
        onClick={[Function]}
      >
        0.569231
      </span>
      <span
        className="buy-price down"
        onClick={[Function]}
      >
        6568.929686
      </span>
      <span>
        Binance
      </span>
    </div>
    <div
      className="card-panel-body-rows"
    >
      <span
        className="buy-size"
        onClick={[Function]}
      >
        0.352532
      </span>
      <span
        className="buy-price down"
        onClick={[Function]}
      >
        6564.256353
      </span>
      <span>
        Bittrex
      </span>
    </div>
    <div
      className="card-panel-body-rows"
    >
      <span
        className="buy-size"
        onClick={[Function]}
      >
        0.813735
      </span>
      <span
        className="buy-price down"
        onClick={[Function]}
      >
        6598.563322
      </span>
      <span>
        Bitfinex
      </span>
    </div>
    <div
      className="card-panel-body-rows"
    >
      <span
        className="buy-size"
        onClick={[Function]}
      >
        0.128852
      </span>
      <span
        className="buy-price down"
        onClick={[Function]}
      >
        6576.003516
      </span>
      <span>
        Kraken
      </span>
    </div>
    <div
      className="card-panel-body-rows"
    >
      <span
        className="buy-size"
        onClick={[Function]}
      >
        0.733126
      </span>
      <span
        className="buy-price down"
        onClick={[Function]}
      >
        6581.451376
      </span>
      <span>
        CEX.IO
      </span>
    </div>
    <div
      className="card-panel-body-rows"
    >
      <span
        className="buy-size"
        onClick={[Function]}
      >
        0.188341
      </span>
      <span
        className="buy-price down"
        onClick={[Function]}
      >
        6574.533322
      </span>
      <span>
        GDAX
      </span>
    </div>
    <div
      className="card-panel-body-rows"
    >
      <span
        className="buy-size"
        onClick={[Function]}
      >
        0.05506
      </span>
      <span
        className="buy-price down"
        onClick={[Function]}
      >
        6599.843322
      </span>
      <span>
        Bitfinex
      </span>
    </div>
    <div
      className="card-panel-body-rows"
    >
      <span
        className="buy-size"
        onClick={[Function]}
      >
        0.35957
      </span>
      <span
        className="buy-price down"
        onClick={[Function]}
      >
        6576.053516
      </span>
      <span>
        Kraken
      </span>
    </div>
    <div
      className="card-panel-body-rows"
    >
      <span
        className="buy-size"
        onClick={[Function]}
      >
        0.300259
      </span>
      <span
        className="buy-price down"
        onClick={[Function]}
      >
        6564.346353
      </span>
      <span>
        Bittrex
      </span>
    </div>
    <div
      className="card-panel-body-rows"
    >
      <span
        className="buy-size"
        onClick={[Function]}
      >
        0.1853
      </span>
      <span
        className="buy-price down"
        onClick={[Function]}
      >
        6615.514027
      </span>
      <span>
        HitBTC
      </span>
    </div>
    <div
      className="card-panel-body-rows"
    >
      <span
        className="buy-size"
        onClick={[Function]}
      >
        0.485538
      </span>
      <span
        className="buy-price down"
        onClick={[Function]}
      >
        6574.313312
      </span>
      <span>
        GDAX
      </span>
    </div>
    <div
      className="card-panel-body-rows"
    >
      <span
        className="buy-size"
        onClick={[Function]}
      >
        0.64147
      </span>
      <span
        className="buy-price down"
        onClick={[Function]}
      >
        6568.952435
      </span>
      <span>
        Binance
      </span>
    </div>
    <div
      className="card-panel-body-rows"
    >
      <span
        className="buy-size"
        onClick={[Function]}
      >
        0.34437
      </span>
      <span
        className="buy-price down"
        onClick={[Function]}
      >
        6574.529851
      </span>
      <span>
        GDAX
      </span>
    </div>
    <div
      className="card-panel-body-rows lbl"
    >
      <label>
        USD
         Spread
      </label>
      <label>
        0.47
      </label>
    </div>
    <div
      className="card-panel-body-rows"
    >
      <span
        className="ask-size"
        onClick={[Function]}
      >
        0.357077
      </span>
      <span
        className="ask-price up"
        onClick={[Function]}
      >
        6574.215243
      </span>
      <span>
        GDAX
      </span>
    </div>
    <div
      className="card-panel-body-rows"
    >
      <span
        className="ask-size"
        onClick={[Function]}
      >
        0.679435
      </span>
      <span
        className="ask-price up"
        onClick={[Function]}
      >
        6599.694518
      </span>
      <span>
        Bitfinex
      </span>
    </div>
    <div
      className="card-panel-body-rows"
    >
      <span
        className="ask-size"
        onClick={[Function]}
      >
        0.39246
      </span>
      <span
        className="ask-price up"
        onClick={[Function]}
      >
        6574.215243
      </span>
      <span>
        GDAX
      </span>
    </div>
    <div
      className="card-panel-body-rows"
    >
      <span
        className="ask-size"
        onClick={[Function]}
      >
        0.569231
      </span>
      <span
        className="ask-price up"
        onClick={[Function]}
      >
        6568.929686
      </span>
      <span>
        Binance
      </span>
    </div>
    <div
      className="card-panel-body-rows"
    >
      <span
        className="ask-size"
        onClick={[Function]}
      >
        0.352532
      </span>
      <span
        className="ask-price up"
        onClick={[Function]}
      >
        6564.256353
      </span>
      <span>
        Bittrex
      </span>
    </div>
    <div
      className="card-panel-body-rows"
    >
      <span
        className="ask-size"
        onClick={[Function]}
      >
        0.813735
      </span>
      <span
        className="ask-price up"
        onClick={[Function]}
      >
        6598.563322
      </span>
      <span>
        Bitfinex
      </span>
    </div>
    <div
      className="card-panel-body-rows"
    >
      <span
        className="ask-size"
        onClick={[Function]}
      >
        0.128852
      </span>
      <span
        className="ask-price up"
        onClick={[Function]}
      >
        6576.003516
      </span>
      <span>
        Kraken
      </span>
    </div>
    <div
      className="card-panel-body-rows"
    >
      <span
        className="ask-size"
        onClick={[Function]}
      >
        0.733126
      </span>
      <span
        className="ask-price up"
        onClick={[Function]}
      >
        6581.451376
      </span>
      <span>
        CEX.IO
      </span>
    </div>
    <div
      className="card-panel-body-rows"
    >
      <span
        className="ask-size"
        onClick={[Function]}
      >
        0.188341
      </span>
      <span
        className="ask-price up"
        onClick={[Function]}
      >
        6574.533322
      </span>
      <span>
        GDAX
      </span>
    </div>
    <div
      className="card-panel-body-rows"
    >
      <span
        className="ask-size"
        onClick={[Function]}
      >
        0.05506
      </span>
      <span
        className="ask-price up"
        onClick={[Function]}
      >
        6599.843322
      </span>
      <span>
        Bitfinex
      </span>
    </div>
    <div
      className="card-panel-body-rows"
    >
      <span
        className="ask-size"
        onClick={[Function]}
      >
        0.35957
      </span>
      <span
        className="ask-price up"
        onClick={[Function]}
      >
        6576.053516
      </span>
      <span>
        Kraken
      </span>
    </div>
    <div
      className="card-panel-body-rows"
    >
      <span
        className="ask-size"
        onClick={[Function]}
      >
        0.300259
      </span>
      <span
        className="ask-price up"
        onClick={[Function]}
      >
        6564.346353
      </span>
      <span>
        Bittrex
      </span>
    </div>
    <div
      className="card-panel-body-rows"
    >
      <span
        className="ask-size"
        onClick={[Function]}
      >
        0.1853
      </span>
      <span
        className="ask-price up"
        onClick={[Function]}
      >
        6615.514027
      </span>
      <span>
        HitBTC
      </span>
    </div>
    <div
      className="card-panel-body-rows"
    >
      <span
        className="ask-size"
        onClick={[Function]}
      >
        0.485538
      </span>
      <span
        className="ask-price up"
        onClick={[Function]}
      >
        6574.313312
      </span>
      <span>
        GDAX
      </span>
    </div>
    <div
      className="card-panel-body-rows"
    >
      <span
        className="ask-size"
        onClick={[Function]}
      >
        0.64147
      </span>
      <span
        className="ask-price up"
        onClick={[Function]}
      >
        6568.952435
      </span>
      <span>
        Binance
      </span>
    </div>
    <div
      className="card-panel-body-rows"
    >
      <span
        className="ask-size"
        onClick={[Function]}
      >
        0.34437
      </span>
      <span
        className="ask-price up"
        onClick={[Function]}
      >
        6574.529851
      </span>
      <span>
        GDAX
      </span>
    </div>
  </div>
</div>
`;
