// Jest Snapshot v1, https://goo.gl/fbAQLP

exports[`<OrderTable /> should match snapshot 1`] = `
<div>
  <div
    className="card-fixed-header"
  >
    <h2
      className="card-title "
    >
      Orders
    </h2>
  </div>
  <div
    className="clearfix"
  />
  <div
    className="l-g-table"
  >
    <span
      style={
        Object {
          "color": "rgba(255, 255, 255, 0.7)",
        }
      }
    >
      You have no orders
    </span>
  </div>
</div>
`;
