// Jest Snapshot v1, https://goo.gl/fbAQLP

exports[`<OrderForm /> should match snapshot 1`] = `
<div
  className="card card-fh card-order-form"
>
  <div
    className="card-fixed-header"
  >
    <h2
      className="card-title"
      data-card="orderform"
    >
      Order Form
    </h2>
  </div>
  <div
    className="card-panel-body p-15"
  >
    <div
      className="tabs"
    >
      <ul
        className="tab-header-list"
      >
        <li
          className="active"
          data-tab="market"
          onClick={[Function]}
        >
          Market
        </li>
        <li
          className=""
          data-tab="limit"
          onClick={[Function]}
        >
          Limit
        </li>
        <li
          className=""
          data-tab="stop"
          onClick={[Function]}
        >
          Stop
        </li>
      </ul>
      <div
        className="clearfix"
      />
      <br />
      <div
        className="tab-content"
      >
        <button
          className="primary btn hw btn btn-default"
          disabled={false}
          onClick={[Function]}
          type="button"
        >
          Buy
        </button>
        <button
          className=" btn hw btn btn-default"
          disabled={false}
          onClick={[Function]}
          type="button"
        >
          Sell
        </button>
        <div
          className="clearfix"
        />
        <br />
        <div
          className="form-group"
        >
          <label
            className="lbl-sm control-label"
            htmlFor={undefined}
          >
            Amount
          </label>
          <div
            className="form-input-group"
          >
            <input
              className="form-input form-control"
              id={undefined}
              onChange={[Function]}
              placeholder="0.00"
              type="text"
              value=""
            />
            <span>
              USD
            </span>
          </div>
        </div>
        <div
          className="clearfix"
        />
        <br />
        <div
          className="hide"
        >
          <div
            className="form-group"
          >
            <label
              className="lbl-sm control-label"
              htmlFor={undefined}
            >
              Limit Price
            </label>
            <div
              className="form-input-group"
            >
              <input
                className="form-input form-control"
                id={undefined}
                onChange={[Function]}
                placeholder="0.00"
                type="text"
                value={0}
              />
              <span>
                USD
              </span>
            </div>
          </div>
          <div
            className="clearfix"
          />
          <br />
        </div>
        <div
          className="hide"
        >
          <div
            className="form-group"
          >
            <label
              className="lbl-sm control-label"
              htmlFor={undefined}
            >
              Stop Price
            </label>
            <div
              className="form-input-group"
            >
              <input
                className="form-input form-control"
                id={undefined}
                placeholder="0.00"
                type="text"
                value={0}
              />
              <span>
                USD
              </span>
            </div>
          </div>
          <div
            className="clearfix"
          />
          <br />
        </div>
        <div
          className="sep-line"
        />
        <div
          className="clearfix"
        >
          <div
            className="pull-left"
          >
            <label
              className="lbl-sm"
            >
              Total
              <small>
                (
                BTC
                )
              </small>
              =
            </label>
          </div>
          <div
            className="pull-right"
          >
            <label
              className="lbl-sm"
            >
              0
            </label>
          </div>
        </div>
        <div
          className="clearfix"
        />
        <br />
        <div
          className="clearfix"
        >
          <div
            className="pull-left"
          >
            <label
              className="lbl-sm"
            >
              Exchange :
            </label>
          </div>
          <div
            className="pull-right"
          >
            <div
              className="dropdown btn-group"
            >
              <button
                aria-expanded={false}
                aria-haspopup={true}
                className="dropdown-toggle btn btn-default"
                disabled={false}
                id="exchange-selection-dropdown"
                onClick={[Function]}
                onKeyDown={[Function]}
                role="button"
                type="button"
              >
                GDAX
                 
                <span
                  className="caret"
                />
              </button>
              <ul
                aria-labelledby="exchange-selection-dropdown"
                className="dropdown-menu dropdown-menu-right"
                role="menu"
              >
                <li
                  className=""
                  role="presentation"
                  style={undefined}
                >
                  <a
                    href="#"
                    onClick={[Function]}
                    onKeyDown={[Function]}
                    role="menuitem"
                    tabIndex="-1"
                  >
                    GDAX
                  </a>
                </li>
                <li
                  className=""
                  role="presentation"
                  style={undefined}
                >
                  <a
                    href="#"
                    onClick={[Function]}
                    onKeyDown={[Function]}
                    role="menuitem"
                    tabIndex="-1"
                  >
                    Bitfinex
                  </a>
                </li>
                <li
                  className=""
                  role="presentation"
                  style={undefined}
                >
                  <a
                    href="#"
                    onClick={[Function]}
                    onKeyDown={[Function]}
                    role="menuitem"
                    tabIndex="-1"
                  >
                    Binance
                  </a>
                </li>
                <li
                  className=""
                  role="presentation"
                  style={undefined}
                >
                  <a
                    href="#"
                    onClick={[Function]}
                    onKeyDown={[Function]}
                    role="menuitem"
                    tabIndex="-1"
                  >
                    CEX.IO
                  </a>
                </li>
                <li
                  className=""
                  role="presentation"
                  style={undefined}
                >
                  <a
                    href="#"
                    onClick={[Function]}
                    onKeyDown={[Function]}
                    role="menuitem"
                    tabIndex="-1"
                  >
                    Bittrex
                  </a>
                </li>
                <li
                  className=""
                  role="presentation"
                  style={undefined}
                >
                  <a
                    href="#"
                    onClick={[Function]}
                    onKeyDown={[Function]}
                    role="menuitem"
                    tabIndex="-1"
                  >
                    Poloniex
                  </a>
                </li>
                <li
                  className=""
                  role="presentation"
                  style={undefined}
                >
                  <a
                    href="#"
                    onClick={[Function]}
                    onKeyDown={[Function]}
                    role="menuitem"
                    tabIndex="-1"
                  >
                    HitBTC
                  </a>
                </li>
                <li
                  className=""
                  role="presentation"
                  style={undefined}
                >
                  <a
                    href="#"
                    onClick={[Function]}
                    onKeyDown={[Function]}
                    role="menuitem"
                    tabIndex="-1"
                  >
                    Kraken
                  </a>
                </li>
              </ul>
            </div>
          </div>
        </div>
        <div
          className="clearfix"
        />
        <br />
        <button
          className="primary btn block btn btn-default"
          disabled={false}
          onClick={[Function]}
          type="button"
        >
          Place 
          Buy
           Order
        </button>
      </div>
      <br />
    </div>
  </div>
</div>
`;
