// Jest Snapshot v1, https://goo.gl/fbAQLP

exports[`<OrderBook /> should match snapshot 1`] = `
<div
  className="card card-fh"
>
  <div
    className="card-fixed-header"
  >
    <h2
      className="card-title"
      data-card="orderbook"
    >
      Order Book
    </h2>
    <div
      className="card-panel-header col-w-3"
    >
      <label>
        Market Size
      </label>
      <label>
        Price(
        USD
        )
      </label>
      <label>
        Exchange
      </label>
    </div>
  </div>
  <div
    className="card-panel-body col-w-3"
  >
    <div
      className="card-panel-body-rows"
    >
      <span
        onClick={[Function]}
      >
        0.01879
      </span>
      <span
        className="down"
        onClick={[Function]}
      >
        11235.123356
      </span>
      <span>
        GDAX
      </span>
    </div>
    <div
      className="card-panel-body-rows"
    >
      <span
        onClick={[Function]}
      >
        0.02279837
      </span>
      <span
        className="down"
        onClick={[Function]}
      >
        11230.113344
      </span>
      <span>
        GDAX
      </span>
    </div>
    <div
      className="card-panel-body-rows"
    >
      <span
        onClick={[Function]}
      >
        0.05579837
      </span>
      <span
        className="down"
        onClick={[Function]}
      >
        11230.113322
      </span>
      <span>
        Bitfinex
      </span>
    </div>
    <div
      className="card-panel-body-rows"
    >
      <span
        onClick={[Function]}
      >
        0.01879
      </span>
      <span
        className="down"
        onClick={[Function]}
      >
        11229.113311
      </span>
      <span>
        Binance
      </span>
    </div>
    <div
      className="card-panel-body-rows"
    >
      <span
        onClick={[Function]}
      >
        0.02279837
      </span>
      <span
        className="down"
        onClick={[Function]}
      >
        11222.123344
      </span>
      <span>
        Bittrex
      </span>
    </div>
    <div
      className="card-panel-body-rows"
    >
      <span
        onClick={[Function]}
      >
        0.05579837
      </span>
      <span
        className="down"
        onClick={[Function]}
      >
        11212.123322
      </span>
      <span>
        Bitfinex
      </span>
    </div>
    <div
      className="card-panel-body-rows"
    >
      <span
        onClick={[Function]}
      >
        0.01879
      </span>
      <span
        className="down"
        onClick={[Function]}
      >
        11212.123316
      </span>
      <span>
        Krakan
      </span>
    </div>
    <div
      className="card-panel-body-rows"
    >
      <span
        onClick={[Function]}
      >
        0.02279837
      </span>
      <span
        className="down"
        onClick={[Function]}
      >
        11211.123344
      </span>
      <span>
        CEX.IO
      </span>
    </div>
    <div
      className="card-panel-body-rows"
    >
      <span
        onClick={[Function]}
      >
        0.05579837
      </span>
      <span
        className="down"
        onClick={[Function]}
      >
        11210.123322
      </span>
      <span>
        GDAX
      </span>
    </div>
    <div
      className="card-panel-body-rows"
    >
      <span
        onClick={[Function]}
      >
        0.01279837
      </span>
      <span
        className="down"
        onClick={[Function]}
      >
        11207.123312
      </span>
      <span>
        Bitfinex
      </span>
    </div>
    <div
      className="card-panel-body-rows"
    >
      <span
        onClick={[Function]}
      >
        0.13879837
      </span>
      <span
        className="down"
        onClick={[Function]}
      >
        11204.1233
      </span>
      <span>
        Krakan
      </span>
    </div>
    <div
      className="card-panel-body-rows"
    >
      <span
        onClick={[Function]}
      >
        0.01279837
      </span>
      <span
        className="down"
        onClick={[Function]}
      >
        11203.123312
      </span>
      <span>
        Bittrex
      </span>
    </div>
    <div
      className="card-panel-body-rows"
    >
      <span
        onClick={[Function]}
      >
        0.13879837
      </span>
      <span
        className="down"
        onClick={[Function]}
      >
        11201.1233
      </span>
      <span>
        HitBTC
      </span>
    </div>
    <div
      className="card-panel-body-rows"
    >
      <span
        onClick={[Function]}
      >
        0.01279837
      </span>
      <span
        className="down"
        onClick={[Function]}
      >
        11200.123312
      </span>
      <span>
        GDAX
      </span>
    </div>
    <div
      className="card-panel-body-rows"
    >
      <span
        onClick={[Function]}
      >
        0.01879
      </span>
      <span
        className="down"
        onClick={[Function]}
      >
        11200.123006
      </span>
      <span>
        Binance
      </span>
    </div>
    <div
      className="card-panel-body-rows"
    >
      <span
        onClick={[Function]}
      >
        0.02279837
      </span>
      <span
        className="down"
        onClick={[Function]}
      >
        11200.12
      </span>
      <span>
        GDAX
      </span>
    </div>
    <div
      className="card-panel-body-rows lbl"
    >
      <label>
        USD
         Spread
      </label>
      <label>
        0.47
      </label>
    </div>
    <div
      className="card-panel-body-rows"
    >
      <span
        onClick={[Function]}
      >
        0.01879
      </span>
      <span
        className="up"
        onClick={[Function]}
      >
        11235.123356
      </span>
      <span>
        GDAX
      </span>
    </div>
    <div
      className="card-panel-body-rows"
    >
      <span
        onClick={[Function]}
      >
        0.02279837
      </span>
      <span
        className="up"
        onClick={[Function]}
      >
        11230.113344
      </span>
      <span>
        GDAX
      </span>
    </div>
    <div
      className="card-panel-body-rows"
    >
      <span
        onClick={[Function]}
      >
        0.05579837
      </span>
      <span
        className="up"
        onClick={[Function]}
      >
        11230.113322
      </span>
      <span>
        Bitfinex
      </span>
    </div>
    <div
      className="card-panel-body-rows"
    >
      <span
        onClick={[Function]}
      >
        0.01879
      </span>
      <span
        className="up"
        onClick={[Function]}
      >
        11229.113311
      </span>
      <span>
        Binance
      </span>
    </div>
    <div
      className="card-panel-body-rows"
    >
      <span
        onClick={[Function]}
      >
        0.02279837
      </span>
      <span
        className="up"
        onClick={[Function]}
      >
        11222.123344
      </span>
      <span>
        Bittrex
      </span>
    </div>
    <div
      className="card-panel-body-rows"
    >
      <span
        onClick={[Function]}
      >
        0.05579837
      </span>
      <span
        className="up"
        onClick={[Function]}
      >
        11212.123322
      </span>
      <span>
        Bitfinex
      </span>
    </div>
    <div
      className="card-panel-body-rows"
    >
      <span
        onClick={[Function]}
      >
        0.01879
      </span>
      <span
        className="up"
        onClick={[Function]}
      >
        11212.123316
      </span>
      <span>
        Krakan
      </span>
    </div>
    <div
      className="card-panel-body-rows"
    >
      <span
        onClick={[Function]}
      >
        0.02279837
      </span>
      <span
        className="up"
        onClick={[Function]}
      >
        11211.123344
      </span>
      <span>
        CEX.IO
      </span>
    </div>
    <div
      className="card-panel-body-rows"
    >
      <span
        onClick={[Function]}
      >
        0.05579837
      </span>
      <span
        className="up"
        onClick={[Function]}
      >
        11210.123322
      </span>
      <span>
        GDAX
      </span>
    </div>
    <div
      className="card-panel-body-rows"
    >
      <span
        onClick={[Function]}
      >
        0.01279837
      </span>
      <span
        className="up"
        onClick={[Function]}
      >
        11207.123312
      </span>
      <span>
        Bitfinex
      </span>
    </div>
    <div
      className="card-panel-body-rows"
    >
      <span
        onClick={[Function]}
      >
        0.13879837
      </span>
      <span
        className="up"
        onClick={[Function]}
      >
        11204.1233
      </span>
      <span>
        Krakan
      </span>
    </div>
    <div
      className="card-panel-body-rows"
    >
      <span
        onClick={[Function]}
      >
        0.01279837
      </span>
      <span
        className="up"
        onClick={[Function]}
      >
        11203.123312
      </span>
      <span>
        Bittrex
      </span>
    </div>
    <div
      className="card-panel-body-rows"
    >
      <span
        onClick={[Function]}
      >
        0.13879837
      </span>
      <span
        className="up"
        onClick={[Function]}
      >
        11201.1233
      </span>
      <span>
        HitBTC
      </span>
    </div>
    <div
      className="card-panel-body-rows"
    >
      <span
        onClick={[Function]}
      >
        0.01279837
      </span>
      <span
        className="up"
        onClick={[Function]}
      >
        11200.123312
      </span>
      <span>
        GDAX
      </span>
    </div>
    <div
      className="card-panel-body-rows"
    >
      <span
        onClick={[Function]}
      >
        0.01879
      </span>
      <span
        className="up"
        onClick={[Function]}
      >
        11200.123006
      </span>
      <span>
        Binance
      </span>
    </div>
    <div
      className="card-panel-body-rows"
    >
      <span
        onClick={[Function]}
      >
        0.02279837
      </span>
      <span
        className="up"
        onClick={[Function]}
      >
        11200.12
      </span>
      <span>
        GDAX
      </span>
    </div>
  </div>
</div>
`;
