// Jest Snapshot v1, https://goo.gl/fbAQLP

exports[`<OrderTable /> should match snapshot 1`] = `
<div>
  <div
    className="card-fixed-header"
  >
    <h2
      className="card-title "
    >
      Orders
    </h2>
  </div>
  <div
    className="clearfix"
  />
  <table
    className="l-g-table table"
  >
    <thead>
      <tr>
        <th>
          Size
        </th>
        <th>
          Filled(
          BTC
          )
        </th>
        <th>
          Price(
          USD
          )
        </th>
        <th>
          Time
        </th>
        <th>
          Status
        </th>
        <th>
          Side
        </th>
        <th>
          Exchange
        </th>
      </tr>
    </thead>
    <tbody>
      <tr>
        <td
          className="padding-top-50 text-align-center"
          colSpan="7"
        >
          You have no orders
        </td>
      </tr>
    </tbody>
  </table>
</div>
`;
